WARNING: Using incubator modules: jdk.incubator.vector
Vector Dimensions: 1024
numDocs = 25000000
maxConn = 64
beamWidth = 250
similarity = DOT_PRODUCT
numSearchThread = 16
numQueryVectors = 10000
Seed = 457629824478734
index key = dot_product-idocs.vec-1788479472448-25000000-64-250-1-notfm
Index Path = /mnt/nvme/indices/bbq1_25m_al
Oct 09, 2026 2:15:36 AM org.apache.lucene.internal.vectorization.PanamaVectorizationProvider logIncubatorSetup
INFO: Java vector incubator API enabled; uses preferredBitSize=256; FMA enabled
retrieving previously saved indexing time in /mnt/nvme/indices/bbq1_25m_al/index-time-msec.txt
read previously saved indexing time: 9335594 msec
retrieving previously saved merge time in /mnt/nvme/indices/bbq1_25m_al/merge-time-msec.txt
read previously saved merge time: 3872006 msec
index has 31 segments: segments_2: _6k(11.0.0):C366680 _14j(11.0.0):C1116055 _a0(11.0.0):C407559 _gi(11.0.0):C745116 _2fs(11.0.0):C1200374 _332(11.0.0):C948865 _1az(11.0.0):C1147095 _lz(11.0.0):C641407 _x0(11.0.0):C775024 _333(11.0.0):C955606 _25l(11.0.0):C1190631 _1tb(11.0.0):C1035589 _30p(11.0.0):C1170636 _1jf(11.0.0):C1128798 _1fz(11.0.0):C883863 _1ac(11.0.0):C409631 _31p(11.0.0):C1212008 _1rf(11.0.0):C675406 _1nc(11.0.0):C313435 _1nq(11.0.0):C393247 _1zx(11.0.0):C1092622 _331(11.0.0):C1075772 _23n(11.0.0):C341552 _2c2(11.0.0):C1084059 _28l(11.0.0):C334866 _2hj(11.0.0):C638552 _2lr(11.0.0):C426927 _2nb(11.0.0):C957550 _2ty(11.0.0):C1008835 _2qu(11.0.0):C722591 _2xm(11.0.0):C599649
  _6k: 1522.6 MB
  _14j: 4645.3 MB
  _a0: 1693.4 MB
  _gi: 3098.2 MB
  _2fs: 4999.4 MB
  _332: 3949.0 MB
  _1az: 4775.4 MB
  _lz: 2667.2 MB
  _x0: 3223.5 MB
  _333: 3977.5 MB
  _25l: 4955.5 MB
  _1tb: 4310.7 MB
  _30p: 4876.0 MB
  _1jf: 4696.6 MB
  _1fz: 3665.3 MB
  _1ac: 1691.1 MB
  _31p: 5045.4 MB
  _1rf: 2808.9 MB
  _1nc: 1301.3 MB
  _1nq: 1634.1 MB
  _1zx: 4545.6 MB
  _331: 4478.6 MB
  _23n: 1417.7 MB
  _2c2: 4512.1 MB
  _28l: 1389.9 MB
  _2hj: 2654.9 MB
  _2lr: 1773.2 MB
  _2nb: 3986.0 MB
  _2ty: 4196.9 MB
  _2qu: 3002.1 MB
  _2xm: 2491.8 MB
encodingByteSize=4 origByteSize=4
realEncodingByteSize=0.125
index disk usage is 103985.13 MB
vector disk usage is 101041.79 MB
vector RAM usage is 3385.54 MB
exact nn key = docs.vec-dot_product-idocs.vec-25000000-qqueries.vec-10000-dot_product-knn-100
  read pre-cached exact match vectors from cache file "knn-reuse/exact-nn/docs.vec-dot_product-idocs.vec-25000000-qqueries.vec-10000-dot_product-knn-100.bin"
  read pre-cached exact match scores from cache file "knn-reuse/exact-nn/docs.vec-dot_product-idocs.vec-25000000-qqueries.vec-10000-dot_product-knn-100.scores"
EXACT_NN_SCORES_PATH: /home/goankur/vsearch/util/knn-reuse/exact-nn/docs.vec-dot_product-idocs.vec-25000000-qqueries.vec-10000-dot_product-knn-100.scores
EXACT_NN_METRIC: dot_product
path=/mnt/nvme/data/cohere-v3/queries.vec dim=1024 vectorEncoding.byteSize=4
20000 query vectors in queryPath "/mnt/nvme/data/cohere-v3/queries.vec"
searching 10000 query vectors; topK=500, fanout=500
warmup recall=0.9674
done warmup
SEARCH_WINDOW_START 1791512239972
SEARCH_PROGRESS 1000/10000 8s 133.1 qps eta=1min
SEARCH_PROGRESS 2000/10000 20s 99.7 qps eta=1min
SEARCH_PROGRESS 3000/10000 32s 92.9 qps eta=1min
SEARCH_PROGRESS 4000/10000 45s 89.4 qps eta=1min
SEARCH_PROGRESS 5000/10000 57s 87.6 qps eta=1min
SEARCH_PROGRESS 6000/10000 68s 88.1 qps eta=1min
SEARCH_PROGRESS 7000/10000 74s 94.4 qps eta=1min
SEARCH_PROGRESS 8000/10000 81s 98.7 qps eta=0min
SEARCH_PROGRESS 9000/10000 87s 103.1 qps eta=0min
SEARCH_PROGRESS 10000/10000 96s 104.4 qps eta=0min
SEARCH_WINDOW_END 1791512335769
LATENCY_PCT_MS p50=9.718 p90=15.334 p99=17.895 p999=22.900 max=30.746
thread 3 name=main cpu@start=86022077683 cpu@end=168797452356 deltaMS=82775.374673
thread 15 name=Reference Handler cpu@start=879171 cpu@end=913032 deltaMS=0.033861
thread 16 name=Finalizer cpu@start=140950 cpu@end=140950 deltaMS=0.0
thread 17 name=Signal Dispatcher cpu@start=80160 cpu@end=80160 deltaMS=0.0
thread 32 name=Notification Thread cpu@start=93179 cpu@end=93179 deltaMS=0.0
thread 33 name=Common-Cleaner cpu@start=2144540 cpu@end=2455409 deltaMS=0.310869
thread 35 name=hnsw-search-1-thread-1 cpu@start=25343220360 cpu@end=50144222595 deltaMS=24801.002235
thread 36 name=hnsw-search-1-thread-2 cpu@start=25378772463 cpu@end=50257195946 deltaMS=24878.423483
thread 37 name=hnsw-search-1-thread-3 cpu@start=25371752575 cpu@end=50214328177 deltaMS=24842.575602
thread 38 name=hnsw-search-1-thread-4 cpu@start=25358917574 cpu@end=50161769445 deltaMS=24802.851871
thread 39 name=hnsw-search-1-thread-5 cpu@start=25215699527 cpu@end=50053828670 deltaMS=24838.129143
thread 40 name=hnsw-search-1-thread-6 cpu@start=25315636907 cpu@end=50133561097 deltaMS=24817.92419
thread 41 name=hnsw-search-1-thread-7 cpu@start=25394654465 cpu@end=50198175096 deltaMS=24803.520631
thread 42 name=hnsw-search-1-thread-8 cpu@start=25330333283 cpu@end=50257380874 deltaMS=24927.047591
thread 43 name=hnsw-search-1-thread-9 cpu@start=25369236874 cpu@end=50161799862 deltaMS=24792.562988
thread 44 name=hnsw-search-1-thread-10 cpu@start=25372222569 cpu@end=50088882396 deltaMS=24716.659827
thread 45 name=hnsw-search-1-thread-11 cpu@start=25234348374 cpu@end=50133300500 deltaMS=24898.952126
thread 46 name=hnsw-search-1-thread-12 cpu@start=25350988042 cpu@end=50179864264 deltaMS=24828.876222
thread 47 name=hnsw-search-1-thread-13 cpu@start=25319462329 cpu@end=50228085237 deltaMS=24908.622908
thread 48 name=hnsw-search-1-thread-14 cpu@start=25322850897 cpu@end=50187605714 deltaMS=24864.754817
thread 49 name=hnsw-search-1-thread-15 cpu@start=25299562073 cpu@end=50047002312 deltaMS=24747.440239
thread 50 name=hnsw-search-1-thread-16 cpu@start=25290490919 cpu@end=50215529101 deltaMS=24925.038182

Average CPU cores used: 5.013633094688894
completed 10000 searches in 95772 ms: 104 QPS CPU time=480165 ms
checking results
SUMMARY: 0.967	9.577	48.016	5.014	25000000	KNN	100	100	N/A	N/A	100.000	64	250	1 bits	140516	9335.59	2677.92	3872.01	0.00	31	103985.13	null	N/A	5.000	101041.794	3385.544	false	HNSW	32 bits
