WARNING: Using incubator modules: jdk.incubator.vector
Vector Dimensions: 1024
numDocs = 25000000
maxConn = 64
beamWidth = 250
similarity = DOT_PRODUCT
numSearchThread = 16
numQueryVectors = 10000
Seed = 458343054059258
index key = dot_product-idocs.vec-1788479472448-25000000-64-250-1-notfm
Index Path = /mnt/nvme/indices/bbq1_25m_al
Oct 09, 2026 2:27:29 AM org.apache.lucene.internal.vectorization.PanamaVectorizationProvider logIncubatorSetup
INFO: Java vector incubator API enabled; uses preferredBitSize=256; FMA enabled
retrieving previously saved indexing time in /mnt/nvme/indices/bbq1_25m_al/index-time-msec.txt
read previously saved indexing time: 9335594 msec
retrieving previously saved merge time in /mnt/nvme/indices/bbq1_25m_al/merge-time-msec.txt
read previously saved merge time: 3872006 msec
index has 31 segments: segments_2: _6k(11.0.0):C366680 _14j(11.0.0):C1116055 _a0(11.0.0):C407559 _gi(11.0.0):C745116 _2fs(11.0.0):C1200374 _332(11.0.0):C948865 _1az(11.0.0):C1147095 _lz(11.0.0):C641407 _x0(11.0.0):C775024 _333(11.0.0):C955606 _25l(11.0.0):C1190631 _1tb(11.0.0):C1035589 _30p(11.0.0):C1170636 _1jf(11.0.0):C1128798 _1fz(11.0.0):C883863 _1ac(11.0.0):C409631 _31p(11.0.0):C1212008 _1rf(11.0.0):C675406 _1nc(11.0.0):C313435 _1nq(11.0.0):C393247 _1zx(11.0.0):C1092622 _331(11.0.0):C1075772 _23n(11.0.0):C341552 _2c2(11.0.0):C1084059 _28l(11.0.0):C334866 _2hj(11.0.0):C638552 _2lr(11.0.0):C426927 _2nb(11.0.0):C957550 _2ty(11.0.0):C1008835 _2qu(11.0.0):C722591 _2xm(11.0.0):C599649
  _6k: 1522.6 MB
  _14j: 4645.3 MB
  _a0: 1693.4 MB
  _gi: 3098.2 MB
  _2fs: 4999.4 MB
  _332: 3949.0 MB
  _1az: 4775.4 MB
  _lz: 2667.2 MB
  _x0: 3223.5 MB
  _333: 3977.5 MB
  _25l: 4955.5 MB
  _1tb: 4310.7 MB
  _30p: 4876.0 MB
  _1jf: 4696.6 MB
  _1fz: 3665.3 MB
  _1ac: 1691.1 MB
  _31p: 5045.4 MB
  _1rf: 2808.9 MB
  _1nc: 1301.3 MB
  _1nq: 1634.1 MB
  _1zx: 4545.6 MB
  _331: 4478.6 MB
  _23n: 1417.7 MB
  _2c2: 4512.1 MB
  _28l: 1389.9 MB
  _2hj: 2654.9 MB
  _2lr: 1773.2 MB
  _2nb: 3986.0 MB
  _2ty: 4196.9 MB
  _2qu: 3002.1 MB
  _2xm: 2491.8 MB
encodingByteSize=4 origByteSize=4
realEncodingByteSize=0.125
index disk usage is 103985.13 MB
vector disk usage is 101041.79 MB
vector RAM usage is 3385.54 MB
exact nn key = docs.vec-dot_product-idocs.vec-25000000-qqueries.vec-10000-dot_product-knn-100
  read pre-cached exact match vectors from cache file "knn-reuse/exact-nn/docs.vec-dot_product-idocs.vec-25000000-qqueries.vec-10000-dot_product-knn-100.bin"
  read pre-cached exact match scores from cache file "knn-reuse/exact-nn/docs.vec-dot_product-idocs.vec-25000000-qqueries.vec-10000-dot_product-knn-100.scores"
EXACT_NN_SCORES_PATH: /home/goankur/vsearch/util/knn-reuse/exact-nn/docs.vec-dot_product-idocs.vec-25000000-qqueries.vec-10000-dot_product-knn-100.scores
EXACT_NN_METRIC: dot_product
path=/mnt/nvme/data/cohere-v3/queries.vec dim=1024 vectorEncoding.byteSize=4
20000 query vectors in queryPath "/mnt/nvme/data/cohere-v3/queries.vec"
searching 10000 query vectors; topK=500, fanout=500
warmup recall=0.9674
done warmup
SEARCH_WINDOW_START 1791513262294
SEARCH_PROGRESS 1000/10000 46s 21.7 qps eta=7min
SEARCH_PROGRESS 2000/10000 130s 15.3 qps eta=9min
SEARCH_PROGRESS 3000/10000 193s 15.5 qps eta=8min
SEARCH_PROGRESS 4000/10000 252s 15.9 qps eta=6min
SEARCH_PROGRESS 5000/10000 307s 16.3 qps eta=5min
SEARCH_PROGRESS 6000/10000 353s 17.0 qps eta=4min
SEARCH_PROGRESS 7000/10000 378s 18.5 qps eta=3min
SEARCH_PROGRESS 8000/10000 418s 19.2 qps eta=2min
SEARCH_PROGRESS 9000/10000 451s 20.0 qps eta=1min
SEARCH_PROGRESS 10000/10000 509s 19.6 qps eta=0min
SEARCH_WINDOW_END 1791513771746
LATENCY_PCT_MS p50=46.660 p90=111.022 p99=172.394 p999=197.135 max=223.380
thread 3 name=main cpu@start=200050483376 cpu@end=436514493719 deltaMS=236464.010343
thread 15 name=Reference Handler cpu@start=796740 cpu@end=1625573 deltaMS=0.828833
thread 16 name=Finalizer cpu@start=151020 cpu@end=151020 deltaMS=0.0
thread 17 name=Signal Dispatcher cpu@start=86000 cpu@end=86000 deltaMS=0.0
thread 32 name=Notification Thread cpu@start=95950 cpu@end=95950 deltaMS=0.0
thread 33 name=Common-Cleaner cpu@start=3688309 cpu@end=15487434 deltaMS=11.799125
thread 35 name=hnsw-search-1-thread-1 cpu@start=34047221876 cpu@end=71854368818 deltaMS=37807.146942
thread 36 name=hnsw-search-1-thread-2 cpu@start=34060710255 cpu@end=71958120766 deltaMS=37897.410511
thread 37 name=hnsw-search-1-thread-3 cpu@start=34005999121 cpu@end=71872268592 deltaMS=37866.269471
thread 38 name=hnsw-search-1-thread-4 cpu@start=34040737502 cpu@end=71934960608 deltaMS=37894.223106
thread 39 name=hnsw-search-1-thread-5 cpu@start=34101379455 cpu@end=71848111854 deltaMS=37746.732399
thread 40 name=hnsw-search-1-thread-6 cpu@start=34087003772 cpu@end=71900648733 deltaMS=37813.644961
thread 41 name=hnsw-search-1-thread-7 cpu@start=33926152392 cpu@end=71738459802 deltaMS=37812.30741
thread 42 name=hnsw-search-1-thread-8 cpu@start=34075109844 cpu@end=71900052352 deltaMS=37824.942508
thread 43 name=hnsw-search-1-thread-9 cpu@start=34107673523 cpu@end=71857677605 deltaMS=37750.004082
thread 44 name=hnsw-search-1-thread-10 cpu@start=33982830332 cpu@end=71715074950 deltaMS=37732.244618
thread 45 name=hnsw-search-1-thread-11 cpu@start=34004958964 cpu@end=71884753108 deltaMS=37879.794144
thread 46 name=hnsw-search-1-thread-12 cpu@start=34087050262 cpu@end=72015736748 deltaMS=37928.686486
thread 47 name=hnsw-search-1-thread-13 cpu@start=34079256375 cpu@end=71969928610 deltaMS=37890.672235
thread 48 name=hnsw-search-1-thread-14 cpu@start=34154697536 cpu@end=71800753851 deltaMS=37646.056315
thread 49 name=hnsw-search-1-thread-15 cpu@start=34064822406 cpu@end=71856990428 deltaMS=37792.168022
thread 50 name=hnsw-search-1-thread-16 cpu@start=34110710540 cpu@end=71881488415 deltaMS=37770.777875

Average CPU cores used: 1.6519033770084377
completed 10000 searches in 509430 ms: 19 QPS CPU time=841529 ms
checking results
SUMMARY: 0.967	50.943	84.153	1.652	25000000	KNN	100	100	N/A	N/A	100.000	64	250	1 bits	140516	9335.59	2677.92	3872.01	0.00	31	103985.13	null	N/A	5.000	101041.794	3385.544	false	HNSW	32 bits
