WARNING: Using incubator modules: jdk.incubator.vector
Vector Dimensions: 1024
numDocs = 25000000
maxConn = 64
beamWidth = 250
similarity = DOT_PRODUCT
numSearchThread = 16
numQueryVectors = 10000
Seed = 456215261856913
index key = dot_product-idocs.vec-1788479472448-25000000-64-250-1-notfm
Index Path = /mnt/nvme/indices/bbq1_25m_al
Oct 09, 2026 1:52:01 AM org.apache.lucene.internal.vectorization.PanamaVectorizationProvider logIncubatorSetup
INFO: Java vector incubator API enabled; uses preferredBitSize=256; FMA enabled
retrieving previously saved indexing time in /mnt/nvme/indices/bbq1_25m_al/index-time-msec.txt
read previously saved indexing time: 9335594 msec
retrieving previously saved merge time in /mnt/nvme/indices/bbq1_25m_al/merge-time-msec.txt
read previously saved merge time: 3872006 msec
index has 31 segments: segments_2: _6k(11.0.0):C366680 _14j(11.0.0):C1116055 _a0(11.0.0):C407559 _gi(11.0.0):C745116 _2fs(11.0.0):C1200374 _332(11.0.0):C948865 _1az(11.0.0):C1147095 _lz(11.0.0):C641407 _x0(11.0.0):C775024 _333(11.0.0):C955606 _25l(11.0.0):C1190631 _1tb(11.0.0):C1035589 _30p(11.0.0):C1170636 _1jf(11.0.0):C1128798 _1fz(11.0.0):C883863 _1ac(11.0.0):C409631 _31p(11.0.0):C1212008 _1rf(11.0.0):C675406 _1nc(11.0.0):C313435 _1nq(11.0.0):C393247 _1zx(11.0.0):C1092622 _331(11.0.0):C1075772 _23n(11.0.0):C341552 _2c2(11.0.0):C1084059 _28l(11.0.0):C334866 _2hj(11.0.0):C638552 _2lr(11.0.0):C426927 _2nb(11.0.0):C957550 _2ty(11.0.0):C1008835 _2qu(11.0.0):C722591 _2xm(11.0.0):C599649
  _6k: 1522.6 MB
  _14j: 4645.3 MB
  _a0: 1693.4 MB
  _gi: 3098.2 MB
  _2fs: 4999.4 MB
  _332: 3949.0 MB
  _1az: 4775.4 MB
  _lz: 2667.2 MB
  _x0: 3223.5 MB
  _333: 3977.5 MB
  _25l: 4955.5 MB
  _1tb: 4310.7 MB
  _30p: 4876.0 MB
  _1jf: 4696.6 MB
  _1fz: 3665.3 MB
  _1ac: 1691.1 MB
  _31p: 5045.4 MB
  _1rf: 2808.9 MB
  _1nc: 1301.3 MB
  _1nq: 1634.1 MB
  _1zx: 4545.6 MB
  _331: 4478.6 MB
  _23n: 1417.7 MB
  _2c2: 4512.1 MB
  _28l: 1389.9 MB
  _2hj: 2654.9 MB
  _2lr: 1773.2 MB
  _2nb: 3986.0 MB
  _2ty: 4196.9 MB
  _2qu: 3002.1 MB
  _2xm: 2491.8 MB
encodingByteSize=4 origByteSize=4
realEncodingByteSize=0.125
index disk usage is 103985.13 MB
vector disk usage is 101041.79 MB
vector RAM usage is 3385.54 MB
exact nn key = docs.vec-dot_product-idocs.vec-25000000-qqueries.vec-10000-dot_product-knn-100
  read pre-cached exact match vectors from cache file "knn-reuse/exact-nn/docs.vec-dot_product-idocs.vec-25000000-qqueries.vec-10000-dot_product-knn-100.bin"
  read pre-cached exact match scores from cache file "knn-reuse/exact-nn/docs.vec-dot_product-idocs.vec-25000000-qqueries.vec-10000-dot_product-knn-100.scores"
EXACT_NN_SCORES_PATH: /home/goankur/vsearch/util/knn-reuse/exact-nn/docs.vec-dot_product-idocs.vec-25000000-qqueries.vec-10000-dot_product-knn-100.scores
EXACT_NN_METRIC: dot_product
path=/mnt/nvme/data/cohere-v3/queries.vec dim=1024 vectorEncoding.byteSize=4
20000 query vectors in queryPath "/mnt/nvme/data/cohere-v3/queries.vec"
searching 10000 query vectors; topK=500, fanout=500
warmup recall=0.9674
done warmup
SEARCH_WINDOW_START 1791510824479
SEARCH_PROGRESS 1000/10000 8s 132.6 qps eta=1min
SEARCH_PROGRESS 2000/10000 20s 99.6 qps eta=1min
SEARCH_PROGRESS 3000/10000 32s 93.3 qps eta=1min
SEARCH_PROGRESS 4000/10000 44s 90.0 qps eta=1min
SEARCH_PROGRESS 5000/10000 57s 88.4 qps eta=1min
SEARCH_PROGRESS 6000/10000 68s 88.8 qps eta=1min
SEARCH_PROGRESS 7000/10000 74s 95.2 qps eta=1min
SEARCH_PROGRESS 8000/10000 80s 99.8 qps eta=0min
SEARCH_PROGRESS 9000/10000 86s 104.1 qps eta=0min
SEARCH_PROGRESS 10000/10000 95s 105.5 qps eta=0min
SEARCH_WINDOW_END 1791510919255
LATENCY_PCT_MS p50=9.699 p90=15.028 p99=17.454 p999=23.291 max=34.560
thread 3 name=main cpu@start=86399988250 cpu@end=169053755197 deltaMS=82653.766947
thread 15 name=Reference Handler cpu@start=711320 cpu@end=777690 deltaMS=0.06637
thread 16 name=Finalizer cpu@start=143130 cpu@end=143130 deltaMS=0.0
thread 17 name=Signal Dispatcher cpu@start=93980 cpu@end=93980 deltaMS=0.0
thread 32 name=Notification Thread cpu@start=92260 cpu@end=92260 deltaMS=0.0
thread 33 name=Common-Cleaner cpu@start=505071 cpu@end=1718081 deltaMS=1.21301
thread 35 name=hnsw-search-1-thread-1 cpu@start=25182843240 cpu@end=50167883656 deltaMS=24985.040416
thread 36 name=hnsw-search-1-thread-2 cpu@start=25118050280 cpu@end=50058419147 deltaMS=24940.368867
thread 37 name=hnsw-search-1-thread-3 cpu@start=25321149186 cpu@end=50267851253 deltaMS=24946.702067
thread 38 name=hnsw-search-1-thread-4 cpu@start=25172357862 cpu@end=50164978892 deltaMS=24992.62103
thread 39 name=hnsw-search-1-thread-5 cpu@start=25331305548 cpu@end=50406888623 deltaMS=25075.583075
thread 40 name=hnsw-search-1-thread-6 cpu@start=25223807917 cpu@end=50084084528 deltaMS=24860.276611
thread 41 name=hnsw-search-1-thread-7 cpu@start=25195436802 cpu@end=50091938439 deltaMS=24896.501637
thread 42 name=hnsw-search-1-thread-8 cpu@start=25251894317 cpu@end=50149888167 deltaMS=24897.99385
thread 43 name=hnsw-search-1-thread-9 cpu@start=25124008818 cpu@end=50080344455 deltaMS=24956.335637
thread 44 name=hnsw-search-1-thread-10 cpu@start=25252926012 cpu@end=50210680765 deltaMS=24957.754753
thread 45 name=hnsw-search-1-thread-11 cpu@start=25255223675 cpu@end=50235417258 deltaMS=24980.193583
thread 46 name=hnsw-search-1-thread-12 cpu@start=25238855350 cpu@end=50106130300 deltaMS=24867.27495
thread 47 name=hnsw-search-1-thread-13 cpu@start=25346128226 cpu@end=50126246978 deltaMS=24780.118752
thread 48 name=hnsw-search-1-thread-14 cpu@start=25180151847 cpu@end=50068903771 deltaMS=24888.751924
thread 49 name=hnsw-search-1-thread-15 cpu@start=25169276072 cpu@end=50031701631 deltaMS=24862.425559
thread 50 name=hnsw-search-1-thread-16 cpu@start=25204629767 cpu@end=50187072543 deltaMS=24982.442776

Average CPU cores used: 5.081999769174695
completed 10000 searches in 94751 ms: 105 QPS CPU time=481524 ms
checking results
SUMMARY: 0.967	9.475	48.152	5.082	25000000	KNN	100	100	N/A	N/A	100.000	64	250	1 bits	140516	9335.59	2677.92	3872.01	0.00	31	103985.13	null	N/A	5.000	101041.794	3385.544	false	HNSW	32 bits
