WARNING: Using incubator modules: jdk.incubator.vector
Vector Dimensions: 1024
numDocs = 25000000
maxConn = 64
beamWidth = 250
similarity = DOT_PRODUCT
numSearchThread = 16
numQueryVectors = 10000
Seed = 457983375418359
index key = dot_product-idocs.vec-1788479472448-25000000-64-250-1-notfm
Index Path = /mnt/nvme/indices/bbq1_25m_al
Oct 09, 2026 2:21:29 AM org.apache.lucene.internal.vectorization.PanamaVectorizationProvider logIncubatorSetup
INFO: Java vector incubator API enabled; uses preferredBitSize=256; FMA enabled
retrieving previously saved indexing time in /mnt/nvme/indices/bbq1_25m_al/index-time-msec.txt
read previously saved indexing time: 9335594 msec
retrieving previously saved merge time in /mnt/nvme/indices/bbq1_25m_al/merge-time-msec.txt
read previously saved merge time: 3872006 msec
index has 31 segments: segments_2: _6k(11.0.0):C366680 _14j(11.0.0):C1116055 _a0(11.0.0):C407559 _gi(11.0.0):C745116 _2fs(11.0.0):C1200374 _332(11.0.0):C948865 _1az(11.0.0):C1147095 _lz(11.0.0):C641407 _x0(11.0.0):C775024 _333(11.0.0):C955606 _25l(11.0.0):C1190631 _1tb(11.0.0):C1035589 _30p(11.0.0):C1170636 _1jf(11.0.0):C1128798 _1fz(11.0.0):C883863 _1ac(11.0.0):C409631 _31p(11.0.0):C1212008 _1rf(11.0.0):C675406 _1nc(11.0.0):C313435 _1nq(11.0.0):C393247 _1zx(11.0.0):C1092622 _331(11.0.0):C1075772 _23n(11.0.0):C341552 _2c2(11.0.0):C1084059 _28l(11.0.0):C334866 _2hj(11.0.0):C638552 _2lr(11.0.0):C426927 _2nb(11.0.0):C957550 _2ty(11.0.0):C1008835 _2qu(11.0.0):C722591 _2xm(11.0.0):C599649
  _6k: 1522.6 MB
  _14j: 4645.3 MB
  _a0: 1693.4 MB
  _gi: 3098.2 MB
  _2fs: 4999.4 MB
  _332: 3949.0 MB
  _1az: 4775.4 MB
  _lz: 2667.2 MB
  _x0: 3223.5 MB
  _333: 3977.5 MB
  _25l: 4955.5 MB
  _1tb: 4310.7 MB
  _30p: 4876.0 MB
  _1jf: 4696.6 MB
  _1fz: 3665.3 MB
  _1ac: 1691.1 MB
  _31p: 5045.4 MB
  _1rf: 2808.9 MB
  _1nc: 1301.3 MB
  _1nq: 1634.1 MB
  _1zx: 4545.6 MB
  _331: 4478.6 MB
  _23n: 1417.7 MB
  _2c2: 4512.1 MB
  _28l: 1389.9 MB
  _2hj: 2654.9 MB
  _2lr: 1773.2 MB
  _2nb: 3986.0 MB
  _2ty: 4196.9 MB
  _2qu: 3002.1 MB
  _2xm: 2491.8 MB
encodingByteSize=4 origByteSize=4
realEncodingByteSize=0.125
index disk usage is 103985.13 MB
vector disk usage is 101041.79 MB
vector RAM usage is 3385.54 MB
exact nn key = docs.vec-dot_product-idocs.vec-25000000-qqueries.vec-10000-dot_product-knn-100
  read pre-cached exact match vectors from cache file "knn-reuse/exact-nn/docs.vec-dot_product-idocs.vec-25000000-qqueries.vec-10000-dot_product-knn-100.bin"
  read pre-cached exact match scores from cache file "knn-reuse/exact-nn/docs.vec-dot_product-idocs.vec-25000000-qqueries.vec-10000-dot_product-knn-100.scores"
EXACT_NN_SCORES_PATH: /home/goankur/vsearch/util/knn-reuse/exact-nn/docs.vec-dot_product-idocs.vec-25000000-qqueries.vec-10000-dot_product-knn-100.scores
EXACT_NN_METRIC: dot_product
path=/mnt/nvme/data/cohere-v3/queries.vec dim=1024 vectorEncoding.byteSize=4
20000 query vectors in queryPath "/mnt/nvme/data/cohere-v3/queries.vec"
searching 10000 query vectors; topK=500, fanout=500
warmup recall=0.9674
done warmup
SEARCH_WINDOW_START 1791512592859
SEARCH_PROGRESS 1000/10000 7s 134.1 qps eta=1min
SEARCH_PROGRESS 2000/10000 20s 100.3 qps eta=1min
SEARCH_PROGRESS 3000/10000 32s 93.6 qps eta=1min
SEARCH_PROGRESS 4000/10000 44s 90.2 qps eta=1min
SEARCH_PROGRESS 5000/10000 57s 88.4 qps eta=1min
SEARCH_PROGRESS 6000/10000 68s 88.9 qps eta=1min
SEARCH_PROGRESS 7000/10000 73s 95.3 qps eta=1min
SEARCH_PROGRESS 8000/10000 80s 100.0 qps eta=0min
SEARCH_PROGRESS 9000/10000 86s 104.2 qps eta=0min
SEARCH_PROGRESS 10000/10000 95s 105.8 qps eta=0min
SEARCH_WINDOW_END 1791512687439
LATENCY_PCT_MS p50=9.671 p90=15.063 p99=17.080 p999=20.708 max=25.870
thread 3 name=main cpu@start=86330374441 cpu@end=168729614432 deltaMS=82399.239991
thread 15 name=Reference Handler cpu@start=781080 cpu@end=839780 deltaMS=0.0587
thread 16 name=Finalizer cpu@start=150120 cpu@end=150120 deltaMS=0.0
thread 17 name=Signal Dispatcher cpu@start=82280 cpu@end=82280 deltaMS=0.0
thread 32 name=Notification Thread cpu@start=83090 cpu@end=83090 deltaMS=0.0
thread 33 name=Common-Cleaner cpu@start=1075059 cpu@end=2243108 deltaMS=1.168049
thread 35 name=hnsw-search-1-thread-1 cpu@start=25050516365 cpu@end=49832004756 deltaMS=24781.488391
thread 36 name=hnsw-search-1-thread-2 cpu@start=25112244884 cpu@end=49911262001 deltaMS=24799.017117
thread 37 name=hnsw-search-1-thread-3 cpu@start=25115925618 cpu@end=49938172031 deltaMS=24822.246413
thread 38 name=hnsw-search-1-thread-4 cpu@start=25122327104 cpu@end=49848622795 deltaMS=24726.295691
thread 39 name=hnsw-search-1-thread-5 cpu@start=25244779955 cpu@end=49941511854 deltaMS=24696.731899
thread 40 name=hnsw-search-1-thread-6 cpu@start=25085816560 cpu@end=49977232459 deltaMS=24891.415899
thread 41 name=hnsw-search-1-thread-7 cpu@start=25141986253 cpu@end=49965273131 deltaMS=24823.286878
thread 42 name=hnsw-search-1-thread-8 cpu@start=25180649119 cpu@end=49998832517 deltaMS=24818.183398
thread 43 name=hnsw-search-1-thread-9 cpu@start=25052770171 cpu@end=49819848482 deltaMS=24767.078311
thread 44 name=hnsw-search-1-thread-10 cpu@start=25199414507 cpu@end=49969155008 deltaMS=24769.740501
thread 45 name=hnsw-search-1-thread-11 cpu@start=25189868948 cpu@end=50094463518 deltaMS=24904.59457
thread 46 name=hnsw-search-1-thread-12 cpu@start=25086661590 cpu@end=49889179497 deltaMS=24802.517907
thread 47 name=hnsw-search-1-thread-13 cpu@start=25187743910 cpu@end=49928313059 deltaMS=24740.569149
thread 48 name=hnsw-search-1-thread-14 cpu@start=25101892816 cpu@end=49955479091 deltaMS=24853.586275
thread 49 name=hnsw-search-1-thread-15 cpu@start=25170317064 cpu@end=50092779785 deltaMS=24922.462721
thread 50 name=hnsw-search-1-thread-16 cpu@start=25060875233 cpu@end=49937547059 deltaMS=24876.671826

Average CPU cores used: 5.069927921860154
completed 10000 searches in 94556 ms: 105 QPS CPU time=479392 ms
checking results
SUMMARY: 0.967	9.456	47.939	5.070	25000000	KNN	100	100	N/A	N/A	100.000	64	250	1 bits	140516	9335.59	2677.92	3872.01	0.00	31	103985.13	null	N/A	5.000	101041.794	3385.544	false	HNSW	32 bits
