WARNING: Using incubator modules: jdk.incubator.vector
Vector Dimensions: 1024
numDocs = 25000000
maxConn = 64
beamWidth = 250
similarity = DOT_PRODUCT
numSearchThread = 16
numQueryVectors = 10000
Seed = 455860172282676
index key = dot_product-idocs.vec-1788479472448-25000000-64-250-1-notfm
Index Path = /mnt/nvme/indices/bbq1_25m_al
Oct 09, 2026 1:46:06 AM org.apache.lucene.internal.vectorization.PanamaVectorizationProvider logIncubatorSetup
INFO: Java vector incubator API enabled; uses preferredBitSize=256; FMA enabled
retrieving previously saved indexing time in /mnt/nvme/indices/bbq1_25m_al/index-time-msec.txt
read previously saved indexing time: 9335594 msec
retrieving previously saved merge time in /mnt/nvme/indices/bbq1_25m_al/merge-time-msec.txt
read previously saved merge time: 3872006 msec
index has 31 segments: segments_2: _6k(11.0.0):C366680 _14j(11.0.0):C1116055 _a0(11.0.0):C407559 _gi(11.0.0):C745116 _2fs(11.0.0):C1200374 _332(11.0.0):C948865 _1az(11.0.0):C1147095 _lz(11.0.0):C641407 _x0(11.0.0):C775024 _333(11.0.0):C955606 _25l(11.0.0):C1190631 _1tb(11.0.0):C1035589 _30p(11.0.0):C1170636 _1jf(11.0.0):C1128798 _1fz(11.0.0):C883863 _1ac(11.0.0):C409631 _31p(11.0.0):C1212008 _1rf(11.0.0):C675406 _1nc(11.0.0):C313435 _1nq(11.0.0):C393247 _1zx(11.0.0):C1092622 _331(11.0.0):C1075772 _23n(11.0.0):C341552 _2c2(11.0.0):C1084059 _28l(11.0.0):C334866 _2hj(11.0.0):C638552 _2lr(11.0.0):C426927 _2nb(11.0.0):C957550 _2ty(11.0.0):C1008835 _2qu(11.0.0):C722591 _2xm(11.0.0):C599649
  _6k: 1522.6 MB
  _14j: 4645.3 MB
  _a0: 1693.4 MB
  _gi: 3098.2 MB
  _2fs: 4999.4 MB
  _332: 3949.0 MB
  _1az: 4775.4 MB
  _lz: 2667.2 MB
  _x0: 3223.5 MB
  _333: 3977.5 MB
  _25l: 4955.5 MB
  _1tb: 4310.7 MB
  _30p: 4876.0 MB
  _1jf: 4696.6 MB
  _1fz: 3665.3 MB
  _1ac: 1691.1 MB
  _31p: 5045.4 MB
  _1rf: 2808.9 MB
  _1nc: 1301.3 MB
  _1nq: 1634.1 MB
  _1zx: 4545.6 MB
  _331: 4478.6 MB
  _23n: 1417.7 MB
  _2c2: 4512.1 MB
  _28l: 1389.9 MB
  _2hj: 2654.9 MB
  _2lr: 1773.2 MB
  _2nb: 3986.0 MB
  _2ty: 4196.9 MB
  _2qu: 3002.1 MB
  _2xm: 2491.8 MB
encodingByteSize=4 origByteSize=4
realEncodingByteSize=0.125
index disk usage is 103985.13 MB
vector disk usage is 101041.79 MB
vector RAM usage is 3385.54 MB
exact nn key = docs.vec-dot_product-idocs.vec-25000000-qqueries.vec-10000-dot_product-knn-100
  read pre-cached exact match vectors from cache file "knn-reuse/exact-nn/docs.vec-dot_product-idocs.vec-25000000-qqueries.vec-10000-dot_product-knn-100.bin"
  read pre-cached exact match scores from cache file "knn-reuse/exact-nn/docs.vec-dot_product-idocs.vec-25000000-qqueries.vec-10000-dot_product-knn-100.scores"
EXACT_NN_SCORES_PATH: /home/goankur/vsearch/util/knn-reuse/exact-nn/docs.vec-dot_product-idocs.vec-25000000-qqueries.vec-10000-dot_product-knn-100.scores
EXACT_NN_METRIC: dot_product
path=/mnt/nvme/data/cohere-v3/queries.vec dim=1024 vectorEncoding.byteSize=4
20000 query vectors in queryPath "/mnt/nvme/data/cohere-v3/queries.vec"
searching 10000 query vectors; topK=500, fanout=500
warmup recall=0.9674
done warmup
SEARCH_WINDOW_START 1791510470121
SEARCH_PROGRESS 1000/10000 8s 132.6 qps eta=1min
SEARCH_PROGRESS 2000/10000 20s 100.4 qps eta=1min
SEARCH_PROGRESS 3000/10000 32s 92.9 qps eta=1min
SEARCH_PROGRESS 4000/10000 45s 89.5 qps eta=1min
SEARCH_PROGRESS 5000/10000 57s 87.8 qps eta=1min
SEARCH_PROGRESS 6000/10000 68s 88.3 qps eta=1min
SEARCH_PROGRESS 7000/10000 74s 94.7 qps eta=1min
SEARCH_PROGRESS 8000/10000 81s 99.1 qps eta=0min
SEARCH_PROGRESS 9000/10000 87s 103.3 qps eta=0min
SEARCH_PROGRESS 10000/10000 96s 104.7 qps eta=0min
SEARCH_WINDOW_END 1791510565645
LATENCY_PCT_MS p50=9.734 p90=15.242 p99=17.553 p999=22.800 max=31.613
thread 3 name=main cpu@start=86378665447 cpu@end=169257996886 deltaMS=82879.331439
thread 15 name=Reference Handler cpu@start=819538 cpu@end=891708 deltaMS=0.07217
thread 16 name=Finalizer cpu@start=150540 cpu@end=150540 deltaMS=0.0
thread 17 name=Signal Dispatcher cpu@start=104270 cpu@end=104270 deltaMS=0.0
thread 32 name=Notification Thread cpu@start=68819 cpu@end=68819 deltaMS=0.0
thread 33 name=Common-Cleaner cpu@start=1190449 cpu@end=2527640 deltaMS=1.337191
thread 35 name=hnsw-search-1-thread-1 cpu@start=25313431452 cpu@end=50279618728 deltaMS=24966.187276
thread 36 name=hnsw-search-1-thread-2 cpu@start=25332558461 cpu@end=50326428603 deltaMS=24993.870142
thread 37 name=hnsw-search-1-thread-3 cpu@start=25268099386 cpu@end=50294275405 deltaMS=25026.176019
thread 38 name=hnsw-search-1-thread-4 cpu@start=25280771932 cpu@end=50307400787 deltaMS=25026.628855
thread 39 name=hnsw-search-1-thread-5 cpu@start=25252165399 cpu@end=50247282534 deltaMS=24995.117135
thread 40 name=hnsw-search-1-thread-6 cpu@start=25312071596 cpu@end=50297768683 deltaMS=24985.697087
thread 41 name=hnsw-search-1-thread-7 cpu@start=25262238757 cpu@end=50323279034 deltaMS=25061.040277
thread 42 name=hnsw-search-1-thread-8 cpu@start=25256154126 cpu@end=50354902971 deltaMS=25098.748845
thread 43 name=hnsw-search-1-thread-9 cpu@start=25207597619 cpu@end=50186137092 deltaMS=24978.539473
thread 44 name=hnsw-search-1-thread-10 cpu@start=25291255530 cpu@end=50366780926 deltaMS=25075.525396
thread 45 name=hnsw-search-1-thread-11 cpu@start=25207996068 cpu@end=50375176587 deltaMS=25167.180519
thread 46 name=hnsw-search-1-thread-12 cpu@start=25335843054 cpu@end=50376005852 deltaMS=25040.162798
thread 47 name=hnsw-search-1-thread-13 cpu@start=25290778778 cpu@end=50331675395 deltaMS=25040.896617
thread 48 name=hnsw-search-1-thread-14 cpu@start=25358266701 cpu@end=50432583081 deltaMS=25074.31638
thread 49 name=hnsw-search-1-thread-15 cpu@start=25233082119 cpu@end=50259132198 deltaMS=25026.050079
thread 50 name=hnsw-search-1-thread-16 cpu@start=25224556514 cpu@end=50234505940 deltaMS=25009.949426

Average CPU cores used: 5.062376603473132
completed 10000 searches in 95497 ms: 104 QPS CPU time=483441 ms
checking results
SUMMARY: 0.967	9.550	48.344	5.062	25000000	KNN	100	100	N/A	N/A	100.000	64	250	1 bits	140516	9335.59	2677.92	3872.01	0.00	31	103985.13	null	N/A	5.000	101041.794	3385.544	false	HNSW	32 bits
