WARNING: Using incubator modules: jdk.incubator.vector
Vector Dimensions: 1024
numDocs = 25000000
maxConn = 64
beamWidth = 250
similarity = DOT_PRODUCT
numSearchThread = 16
numQueryVectors = 10000
Seed = 454680204459251
index key = dot_product-idocs.vec-1788479472448-25000000-64-250-1-notfm
Index Path = /mnt/nvme/indices/bbq1_25m_al
Oct 09, 2026 1:26:26 AM org.apache.lucene.internal.vectorization.PanamaVectorizationProvider logIncubatorSetup
INFO: Java vector incubator API enabled; uses preferredBitSize=256; FMA enabled
retrieving previously saved indexing time in /mnt/nvme/indices/bbq1_25m_al/index-time-msec.txt
read previously saved indexing time: 9335594 msec
retrieving previously saved merge time in /mnt/nvme/indices/bbq1_25m_al/merge-time-msec.txt
read previously saved merge time: 3872006 msec
index has 31 segments: segments_2: _6k(11.0.0):C366680 _14j(11.0.0):C1116055 _a0(11.0.0):C407559 _gi(11.0.0):C745116 _2fs(11.0.0):C1200374 _332(11.0.0):C948865 _1az(11.0.0):C1147095 _lz(11.0.0):C641407 _x0(11.0.0):C775024 _333(11.0.0):C955606 _25l(11.0.0):C1190631 _1tb(11.0.0):C1035589 _30p(11.0.0):C1170636 _1jf(11.0.0):C1128798 _1fz(11.0.0):C883863 _1ac(11.0.0):C409631 _31p(11.0.0):C1212008 _1rf(11.0.0):C675406 _1nc(11.0.0):C313435 _1nq(11.0.0):C393247 _1zx(11.0.0):C1092622 _331(11.0.0):C1075772 _23n(11.0.0):C341552 _2c2(11.0.0):C1084059 _28l(11.0.0):C334866 _2hj(11.0.0):C638552 _2lr(11.0.0):C426927 _2nb(11.0.0):C957550 _2ty(11.0.0):C1008835 _2qu(11.0.0):C722591 _2xm(11.0.0):C599649
  _6k: 1522.6 MB
  _14j: 4645.3 MB
  _a0: 1693.4 MB
  _gi: 3098.2 MB
  _2fs: 4999.4 MB
  _332: 3949.0 MB
  _1az: 4775.4 MB
  _lz: 2667.2 MB
  _x0: 3223.5 MB
  _333: 3977.5 MB
  _25l: 4955.5 MB
  _1tb: 4310.7 MB
  _30p: 4876.0 MB
  _1jf: 4696.6 MB
  _1fz: 3665.3 MB
  _1ac: 1691.1 MB
  _31p: 5045.4 MB
  _1rf: 2808.9 MB
  _1nc: 1301.3 MB
  _1nq: 1634.1 MB
  _1zx: 4545.6 MB
  _331: 4478.6 MB
  _23n: 1417.7 MB
  _2c2: 4512.1 MB
  _28l: 1389.9 MB
  _2hj: 2654.9 MB
  _2lr: 1773.2 MB
  _2nb: 3986.0 MB
  _2ty: 4196.9 MB
  _2qu: 3002.1 MB
  _2xm: 2491.8 MB
encodingByteSize=4 origByteSize=4
realEncodingByteSize=0.125
index disk usage is 103985.13 MB
vector disk usage is 101041.79 MB
vector RAM usage is 3385.54 MB
exact nn key = docs.vec-dot_product-idocs.vec-25000000-qqueries.vec-10000-dot_product-knn-100
  read pre-cached exact match vectors from cache file "knn-reuse/exact-nn/docs.vec-dot_product-idocs.vec-25000000-qqueries.vec-10000-dot_product-knn-100.bin"
  read pre-cached exact match scores from cache file "knn-reuse/exact-nn/docs.vec-dot_product-idocs.vec-25000000-qqueries.vec-10000-dot_product-knn-100.scores"
EXACT_NN_SCORES_PATH: /home/goankur/vsearch/util/knn-reuse/exact-nn/docs.vec-dot_product-idocs.vec-25000000-qqueries.vec-10000-dot_product-knn-100.scores
EXACT_NN_METRIC: dot_product
path=/mnt/nvme/data/cohere-v3/queries.vec dim=1024 vectorEncoding.byteSize=4
20000 query vectors in queryPath "/mnt/nvme/data/cohere-v3/queries.vec"
searching 10000 query vectors; topK=500, fanout=500
warmup recall=0.9674
done warmup
SEARCH_WINDOW_START 1791509555759
SEARCH_PROGRESS 1000/10000 34s 29.7 qps eta=5min
SEARCH_PROGRESS 2000/10000 113s 17.7 qps eta=8min
SEARCH_PROGRESS 3000/10000 175s 17.1 qps eta=7min
SEARCH_PROGRESS 4000/10000 228s 17.6 qps eta=6min
SEARCH_PROGRESS 5000/10000 279s 17.9 qps eta=5min
SEARCH_PROGRESS 6000/10000 324s 18.5 qps eta=4min
SEARCH_PROGRESS 7000/10000 341s 20.5 qps eta=2min
SEARCH_PROGRESS 8000/10000 368s 21.7 qps eta=2min
SEARCH_PROGRESS 9000/10000 391s 23.0 qps eta=1min
SEARCH_PROGRESS 10000/10000 434s 23.0 qps eta=0min
SEARCH_WINDOW_END 1791509989767
LATENCY_PCT_MS p50=42.402 p90=95.667 p99=131.046 p999=144.216 max=148.906
thread 3 name=main cpu@start=177443607899 cpu@end=384578257415 deltaMS=207134.649516
thread 15 name=Reference Handler cpu@start=694620 cpu@end=752340 deltaMS=0.05772
thread 16 name=Finalizer cpu@start=156590 cpu@end=156590 deltaMS=0.0
thread 17 name=Signal Dispatcher cpu@start=87800 cpu@end=87800 deltaMS=0.0
thread 32 name=Notification Thread cpu@start=81910 cpu@end=81910 deltaMS=0.0
thread 33 name=Common-Cleaner cpu@start=1149858 cpu@end=2525008 deltaMS=1.37515
thread 35 name=hnsw-search-1-thread-1 cpu@start=24965639710 cpu@end=50450771033 deltaMS=25485.131323
thread 36 name=hnsw-search-1-thread-2 cpu@start=24958582813 cpu@end=50416405444 deltaMS=25457.822631
thread 37 name=hnsw-search-1-thread-3 cpu@start=25001077779 cpu@end=50426257378 deltaMS=25425.179599
thread 38 name=hnsw-search-1-thread-4 cpu@start=25070802578 cpu@end=50585809929 deltaMS=25515.007351
thread 39 name=hnsw-search-1-thread-5 cpu@start=25020479195 cpu@end=50482890670 deltaMS=25462.411475
thread 40 name=hnsw-search-1-thread-6 cpu@start=25039681103 cpu@end=50578103082 deltaMS=25538.421979
thread 41 name=hnsw-search-1-thread-7 cpu@start=24991723951 cpu@end=50627184093 deltaMS=25635.460142
thread 42 name=hnsw-search-1-thread-8 cpu@start=24965815203 cpu@end=50447383756 deltaMS=25481.568553
thread 43 name=hnsw-search-1-thread-9 cpu@start=25064558494 cpu@end=50621906596 deltaMS=25557.348102
thread 44 name=hnsw-search-1-thread-10 cpu@start=25030667197 cpu@end=50380151118 deltaMS=25349.483921
thread 45 name=hnsw-search-1-thread-11 cpu@start=24975533575 cpu@end=50518598993 deltaMS=25543.065418
thread 46 name=hnsw-search-1-thread-12 cpu@start=24986847001 cpu@end=50464677131 deltaMS=25477.83013
thread 47 name=hnsw-search-1-thread-13 cpu@start=24981358925 cpu@end=50435998046 deltaMS=25454.639121
thread 48 name=hnsw-search-1-thread-14 cpu@start=25087359822 cpu@end=50600688852 deltaMS=25513.32903
thread 49 name=hnsw-search-1-thread-15 cpu@start=25043641436 cpu@end=50460523702 deltaMS=25416.882266
thread 50 name=hnsw-search-1-thread-16 cpu@start=24995255886 cpu@end=50372958546 deltaMS=25377.70266

Average CPU cores used: 1.416707452324045
completed 10000 searches in 433983 ms: 23 QPS CPU time=614826 ms
checking results
SUMMARY: 0.967	43.398	61.483	1.417	25000000	KNN	100	100	N/A	N/A	100.000	64	250	1 bits	140516	9335.59	2677.92	3872.01	0.00	31	103985.13	null	N/A	5.000	101041.794	3385.544	false	HNSW	32 bits
