WARNING: Using incubator modules: jdk.incubator.vector
Vector Dimensions: 1024
numDocs = 25000000
maxConn = 64
beamWidth = 250
similarity = DOT_PRODUCT
numSearchThread = 16
numQueryVectors = 10000
Seed = 459279870634084
index key = dot_product-idocs.vec-1788479472448-25000000-64-250-1-notfm
Index Path = /mnt/nvme/indices/bbq1_25m_al
Oct 09, 2026 2:43:06 AM org.apache.lucene.internal.vectorization.PanamaVectorizationProvider logIncubatorSetup
INFO: Java vector incubator API enabled; uses preferredBitSize=256; FMA enabled
retrieving previously saved indexing time in /mnt/nvme/indices/bbq1_25m_al/index-time-msec.txt
read previously saved indexing time: 9335594 msec
retrieving previously saved merge time in /mnt/nvme/indices/bbq1_25m_al/merge-time-msec.txt
read previously saved merge time: 3872006 msec
index has 31 segments: segments_2: _6k(11.0.0):C366680 _14j(11.0.0):C1116055 _a0(11.0.0):C407559 _gi(11.0.0):C745116 _2fs(11.0.0):C1200374 _332(11.0.0):C948865 _1az(11.0.0):C1147095 _lz(11.0.0):C641407 _x0(11.0.0):C775024 _333(11.0.0):C955606 _25l(11.0.0):C1190631 _1tb(11.0.0):C1035589 _30p(11.0.0):C1170636 _1jf(11.0.0):C1128798 _1fz(11.0.0):C883863 _1ac(11.0.0):C409631 _31p(11.0.0):C1212008 _1rf(11.0.0):C675406 _1nc(11.0.0):C313435 _1nq(11.0.0):C393247 _1zx(11.0.0):C1092622 _331(11.0.0):C1075772 _23n(11.0.0):C341552 _2c2(11.0.0):C1084059 _28l(11.0.0):C334866 _2hj(11.0.0):C638552 _2lr(11.0.0):C426927 _2nb(11.0.0):C957550 _2ty(11.0.0):C1008835 _2qu(11.0.0):C722591 _2xm(11.0.0):C599649
  _6k: 1522.6 MB
  _14j: 4645.3 MB
  _a0: 1693.4 MB
  _gi: 3098.2 MB
  _2fs: 4999.4 MB
  _332: 3949.0 MB
  _1az: 4775.4 MB
  _lz: 2667.2 MB
  _x0: 3223.5 MB
  _333: 3977.5 MB
  _25l: 4955.5 MB
  _1tb: 4310.7 MB
  _30p: 4876.0 MB
  _1jf: 4696.6 MB
  _1fz: 3665.3 MB
  _1ac: 1691.1 MB
  _31p: 5045.4 MB
  _1rf: 2808.9 MB
  _1nc: 1301.3 MB
  _1nq: 1634.1 MB
  _1zx: 4545.6 MB
  _331: 4478.6 MB
  _23n: 1417.7 MB
  _2c2: 4512.1 MB
  _28l: 1389.9 MB
  _2hj: 2654.9 MB
  _2lr: 1773.2 MB
  _2nb: 3986.0 MB
  _2ty: 4196.9 MB
  _2qu: 3002.1 MB
  _2xm: 2491.8 MB
encodingByteSize=4 origByteSize=4
realEncodingByteSize=0.125
index disk usage is 103985.13 MB
vector disk usage is 101041.79 MB
vector RAM usage is 3385.54 MB
exact nn key = docs.vec-dot_product-idocs.vec-25000000-qqueries.vec-10000-dot_product-knn-100
  read pre-cached exact match vectors from cache file "knn-reuse/exact-nn/docs.vec-dot_product-idocs.vec-25000000-qqueries.vec-10000-dot_product-knn-100.bin"
  read pre-cached exact match scores from cache file "knn-reuse/exact-nn/docs.vec-dot_product-idocs.vec-25000000-qqueries.vec-10000-dot_product-knn-100.scores"
EXACT_NN_SCORES_PATH: /home/goankur/vsearch/util/knn-reuse/exact-nn/docs.vec-dot_product-idocs.vec-25000000-qqueries.vec-10000-dot_product-knn-100.scores
EXACT_NN_METRIC: dot_product
path=/mnt/nvme/data/cohere-v3/queries.vec dim=1024 vectorEncoding.byteSize=4
20000 query vectors in queryPath "/mnt/nvme/data/cohere-v3/queries.vec"
searching 10000 query vectors; topK=500, fanout=500
warmup recall=0.9674
done warmup
SEARCH_WINDOW_START 1791514155673
SEARCH_PROGRESS 1000/10000 34s 29.8 qps eta=5min
SEARCH_PROGRESS 2000/10000 114s 17.6 qps eta=8min
SEARCH_PROGRESS 3000/10000 177s 16.9 qps eta=7min
SEARCH_PROGRESS 4000/10000 230s 17.4 qps eta=6min
SEARCH_PROGRESS 5000/10000 282s 17.7 qps eta=5min
SEARCH_PROGRESS 6000/10000 329s 18.3 qps eta=4min
SEARCH_PROGRESS 7000/10000 347s 20.2 qps eta=2min
SEARCH_PROGRESS 8000/10000 373s 21.5 qps eta=2min
SEARCH_PROGRESS 9000/10000 396s 22.7 qps eta=1min
SEARCH_PROGRESS 10000/10000 441s 22.7 qps eta=0min
SEARCH_WINDOW_END 1791514596568
LATENCY_PCT_MS p50=43.018 p90=97.323 p99=132.177 p999=143.787 max=148.899
thread 3 name=main cpu@start=177378926492 cpu@end=387179854595 deltaMS=209800.928103
thread 15 name=Reference Handler cpu@start=1056951 cpu@end=1091532 deltaMS=0.034581
thread 16 name=Finalizer cpu@start=149930 cpu@end=149930 deltaMS=0.0
thread 17 name=Signal Dispatcher cpu@start=83780 cpu@end=83780 deltaMS=0.0
thread 32 name=Notification Thread cpu@start=93909 cpu@end=93909 deltaMS=0.0
thread 33 name=Common-Cleaner cpu@start=1195119 cpu@end=3162008 deltaMS=1.966889
thread 35 name=hnsw-search-1-thread-1 cpu@start=25111185115 cpu@end=50772639605 deltaMS=25661.45449
thread 36 name=hnsw-search-1-thread-2 cpu@start=24981466006 cpu@end=50729187007 deltaMS=25747.721001
thread 37 name=hnsw-search-1-thread-3 cpu@start=25069490812 cpu@end=50749733874 deltaMS=25680.243062
thread 38 name=hnsw-search-1-thread-4 cpu@start=25006005216 cpu@end=50640984075 deltaMS=25634.978859
thread 39 name=hnsw-search-1-thread-5 cpu@start=25079559016 cpu@end=50914041291 deltaMS=25834.482275
thread 40 name=hnsw-search-1-thread-6 cpu@start=25046517383 cpu@end=50716318674 deltaMS=25669.801291
thread 41 name=hnsw-search-1-thread-7 cpu@start=24996161412 cpu@end=50754069114 deltaMS=25757.907702
thread 42 name=hnsw-search-1-thread-8 cpu@start=25044318022 cpu@end=50770317934 deltaMS=25725.999912
thread 43 name=hnsw-search-1-thread-9 cpu@start=25059957103 cpu@end=50757004137 deltaMS=25697.047034
thread 44 name=hnsw-search-1-thread-10 cpu@start=25019541006 cpu@end=50627149409 deltaMS=25607.608403
thread 45 name=hnsw-search-1-thread-11 cpu@start=25081253645 cpu@end=50683283849 deltaMS=25602.030204
thread 46 name=hnsw-search-1-thread-12 cpu@start=25033498783 cpu@end=50786338749 deltaMS=25752.839966
thread 47 name=hnsw-search-1-thread-13 cpu@start=25031875105 cpu@end=50663956913 deltaMS=25632.081808
thread 48 name=hnsw-search-1-thread-14 cpu@start=25111699818 cpu@end=50727403122 deltaMS=25615.703304
thread 49 name=hnsw-search-1-thread-15 cpu@start=25032474136 cpu@end=50770823692 deltaMS=25738.349556
thread 50 name=hnsw-search-1-thread-16 cpu@start=25110686811 cpu@end=50756750600 deltaMS=25646.063789

Average CPU cores used: 1.4081314854878304
completed 10000 searches in 440873 ms: 22 QPS CPU time=620807 ms
checking results
SUMMARY: 0.967	44.087	62.081	1.408	25000000	KNN	100	100	N/A	N/A	100.000	64	250	1 bits	140516	9335.59	2677.92	3872.01	0.00	31	103985.13	null	N/A	5.000	101041.794	3385.544	false	HNSW	32 bits
