WARNING: Using incubator modules: jdk.incubator.vector
Vector Dimensions: 1024
numDocs = 25000000
maxConn = 64
beamWidth = 250
similarity = DOT_PRODUCT
numSearchThread = 16
numQueryVectors = 10000
Seed = 456781540817320
index key = dot_product-idocs.vec-1788479472448-25000000-64-250-1-notfm
Index Path = /mnt/nvme/indices/bbq1_25m_al
Oct 09, 2026 2:01:27 AM org.apache.lucene.internal.vectorization.PanamaVectorizationProvider logIncubatorSetup
INFO: Java vector incubator API enabled; uses preferredBitSize=256; FMA enabled
retrieving previously saved indexing time in /mnt/nvme/indices/bbq1_25m_al/index-time-msec.txt
read previously saved indexing time: 9335594 msec
retrieving previously saved merge time in /mnt/nvme/indices/bbq1_25m_al/merge-time-msec.txt
read previously saved merge time: 3872006 msec
index has 31 segments: segments_2: _6k(11.0.0):C366680 _14j(11.0.0):C1116055 _a0(11.0.0):C407559 _gi(11.0.0):C745116 _2fs(11.0.0):C1200374 _332(11.0.0):C948865 _1az(11.0.0):C1147095 _lz(11.0.0):C641407 _x0(11.0.0):C775024 _333(11.0.0):C955606 _25l(11.0.0):C1190631 _1tb(11.0.0):C1035589 _30p(11.0.0):C1170636 _1jf(11.0.0):C1128798 _1fz(11.0.0):C883863 _1ac(11.0.0):C409631 _31p(11.0.0):C1212008 _1rf(11.0.0):C675406 _1nc(11.0.0):C313435 _1nq(11.0.0):C393247 _1zx(11.0.0):C1092622 _331(11.0.0):C1075772 _23n(11.0.0):C341552 _2c2(11.0.0):C1084059 _28l(11.0.0):C334866 _2hj(11.0.0):C638552 _2lr(11.0.0):C426927 _2nb(11.0.0):C957550 _2ty(11.0.0):C1008835 _2qu(11.0.0):C722591 _2xm(11.0.0):C599649
  _6k: 1522.6 MB
  _14j: 4645.3 MB
  _a0: 1693.4 MB
  _gi: 3098.2 MB
  _2fs: 4999.4 MB
  _332: 3949.0 MB
  _1az: 4775.4 MB
  _lz: 2667.2 MB
  _x0: 3223.5 MB
  _333: 3977.5 MB
  _25l: 4955.5 MB
  _1tb: 4310.7 MB
  _30p: 4876.0 MB
  _1jf: 4696.6 MB
  _1fz: 3665.3 MB
  _1ac: 1691.1 MB
  _31p: 5045.4 MB
  _1rf: 2808.9 MB
  _1nc: 1301.3 MB
  _1nq: 1634.1 MB
  _1zx: 4545.6 MB
  _331: 4478.6 MB
  _23n: 1417.7 MB
  _2c2: 4512.1 MB
  _28l: 1389.9 MB
  _2hj: 2654.9 MB
  _2lr: 1773.2 MB
  _2nb: 3986.0 MB
  _2ty: 4196.9 MB
  _2qu: 3002.1 MB
  _2xm: 2491.8 MB
encodingByteSize=4 origByteSize=4
realEncodingByteSize=0.125
index disk usage is 103985.13 MB
vector disk usage is 101041.79 MB
vector RAM usage is 3385.54 MB
exact nn key = docs.vec-dot_product-idocs.vec-25000000-qqueries.vec-10000-dot_product-knn-100
  read pre-cached exact match vectors from cache file "knn-reuse/exact-nn/docs.vec-dot_product-idocs.vec-25000000-qqueries.vec-10000-dot_product-knn-100.bin"
  read pre-cached exact match scores from cache file "knn-reuse/exact-nn/docs.vec-dot_product-idocs.vec-25000000-qqueries.vec-10000-dot_product-knn-100.scores"
EXACT_NN_SCORES_PATH: /home/goankur/vsearch/util/knn-reuse/exact-nn/docs.vec-dot_product-idocs.vec-25000000-qqueries.vec-10000-dot_product-knn-100.scores
EXACT_NN_METRIC: dot_product
path=/mnt/nvme/data/cohere-v3/queries.vec dim=1024 vectorEncoding.byteSize=4
20000 query vectors in queryPath "/mnt/nvme/data/cohere-v3/queries.vec"
searching 10000 query vectors; topK=500, fanout=500
warmup recall=0.9674
done warmup
SEARCH_WINDOW_START 1791511374447
SEARCH_PROGRESS 1000/10000 4s 258.4 qps eta=1min
SEARCH_PROGRESS 2000/10000 9s 234.1 qps eta=1min
SEARCH_PROGRESS 3000/10000 13s 226.4 qps eta=1min
SEARCH_PROGRESS 4000/10000 18s 223.3 qps eta=0min
SEARCH_PROGRESS 5000/10000 23s 222.2 qps eta=0min
SEARCH_PROGRESS 6000/10000 27s 222.5 qps eta=0min
SEARCH_PROGRESS 7000/10000 31s 228.3 qps eta=0min
SEARCH_PROGRESS 8000/10000 34s 232.5 qps eta=0min
SEARCH_PROGRESS 9000/10000 38s 236.5 qps eta=0min
SEARCH_PROGRESS 10000/10000 42s 236.9 qps eta=0min
SEARCH_WINDOW_END 1791511416663
LATENCY_PCT_MS p50=4.208 p90=5.747 p99=6.843 p999=9.528 max=14.322
thread 3 name=main cpu@start=73672612600 cpu@end=108355602746 deltaMS=34682.990146
thread 15 name=Reference Handler cpu@start=661530 cpu@end=714600 deltaMS=0.05307
thread 16 name=Finalizer cpu@start=157990 cpu@end=157990 deltaMS=0.0
thread 17 name=Signal Dispatcher cpu@start=103981 cpu@end=103981 deltaMS=0.0
thread 32 name=Notification Thread cpu@start=86520 cpu@end=86520 deltaMS=0.0
thread 33 name=Common-Cleaner cpu@start=204268 cpu@end=250558 deltaMS=0.04629
thread 35 name=hnsw-search-1-thread-1 cpu@start=24378749809 cpu@end=47711988652 deltaMS=23333.238843
thread 36 name=hnsw-search-1-thread-2 cpu@start=24358764930 cpu@end=47745171851 deltaMS=23386.406921
thread 37 name=hnsw-search-1-thread-3 cpu@start=24385671421 cpu@end=47710835420 deltaMS=23325.163999
thread 38 name=hnsw-search-1-thread-4 cpu@start=24421717906 cpu@end=47874200892 deltaMS=23452.482986
thread 39 name=hnsw-search-1-thread-5 cpu@start=24442392385 cpu@end=47669304060 deltaMS=23226.911675
thread 40 name=hnsw-search-1-thread-6 cpu@start=24311603324 cpu@end=47711071900 deltaMS=23399.468576
thread 41 name=hnsw-search-1-thread-7 cpu@start=24560059006 cpu@end=47917505696 deltaMS=23357.44669
thread 42 name=hnsw-search-1-thread-8 cpu@start=24445846620 cpu@end=47842256503 deltaMS=23396.409883
thread 43 name=hnsw-search-1-thread-9 cpu@start=24438764694 cpu@end=47739504192 deltaMS=23300.739498
thread 44 name=hnsw-search-1-thread-10 cpu@start=24249330635 cpu@end=47552558204 deltaMS=23303.227569
thread 45 name=hnsw-search-1-thread-11 cpu@start=24420469037 cpu@end=47757567554 deltaMS=23337.098517
thread 46 name=hnsw-search-1-thread-12 cpu@start=24438820630 cpu@end=47692594639 deltaMS=23253.774009
thread 47 name=hnsw-search-1-thread-13 cpu@start=24401683905 cpu@end=47874634918 deltaMS=23472.951013
thread 48 name=hnsw-search-1-thread-14 cpu@start=24440036216 cpu@end=47702648994 deltaMS=23262.612778
thread 49 name=hnsw-search-1-thread-15 cpu@start=24425134597 cpu@end=47824849612 deltaMS=23399.715015
thread 50 name=hnsw-search-1-thread-16 cpu@start=24450602777 cpu@end=47781848058 deltaMS=23331.245281

Average CPU cores used: 9.670847565703514
completed 10000 searches in 42211 ms: 236 QPS CPU time=408216 ms
checking results
SUMMARY: 0.967	4.221	40.822	9.671	25000000	KNN	100	100	N/A	N/A	100.000	64	250	1 bits	140516	9335.59	2677.92	3872.01	0.00	31	103985.13	null	N/A	5.000	101041.794	3385.544	false	HNSW	32 bits
